The following StateError was thrown building:
Bad state: No element

When the exception was thrown, this was the stack:
#0      _LinkedHashSetMixin.first (dart:_compact_hash:886:5)
#1      _ExamQuestionsPageState.build.<anonymous closure>.<anonymous closure>.<anonymous closure>
(package:lms_system/features/exam_questions/presentation/exam_questions_page.dart:205:54)
#2      MappedListIterable.elementAt (dart:_internal/iterable.dart:435:31)
#3      ListIterator.moveNext (dart:_internal/iterable.dart:364:26)
#4      List.addAll (dart:core-patch/growable_array.dart:320:13)
#5      _ExamQuestionsPageState.build.<anonymous closure>.<anonymous closure>
(package:lms_system/features/exam_questions/presentation/exam_questions_page.dart:190:64)
#6      SliverChildBuilderDelegate.build (package:flutter/src/widgets/scroll_delegate.dart:497:22)
#7      SliverMultiBoxAdaptorElement._build (package:flutter/src/widgets/sliver.dart:953:28)
#8      SliverMultiBoxAdaptorElement.createChild.<anonymous closure> (package:flutter/src/widgets/sliver.dart:967:55)
#9      BuildOwner.buildScope (package:flutter/src/widgets/framework.dart:3038:19)
#10     SliverMultiBoxAdaptorElement.createChild (package:flutter/src/widgets/sliver.dart:959:12)
#11     RenderSliverMultiBoxAdaptor._createOrObtainChild.<anonymous closure>
(package:flutter/src/rendering/sliver_multi_box_adaptor.dart:367:23)
#12     RenderObject.invokeLayoutCallback.<anonymous closure> (package:flutter/src/rendering/object.dart:2738:59)
#13     PipelineOwner._enableMutationsToDirtySubtrees (package:flutter/src/rendering/object.dart:1108:15)
#14     RenderObject.invokeLayoutCallback (package:flutter/src/rendering/object.dart:2738:14)
#15     RenderSliverMultiBoxAdaptor._createOrObtainChild (package:flutter/src/rendering/sliver_multi_box_adaptor.dart:356:5)
#16     RenderSliverMultiBoxAdaptor.addInitialChild (package:flutter/src/rendering/sliver_multi_box_adaptor.dart:442:5)
#17     RenderSliverFixedExtentBoxAdaptor.performLayout (package:flutter/src/rendering/sliver_fixed_extent_list.dart:319:12)
#18     RenderObject.layout (package:flutter/src/rendering/object.dart:2627:7)
#19     RenderSliverEdgeInsetsPadding.performLayout (package:flutter/src/rendering/sliver_padding.dart:124:12)
#20     _RenderSliverFractionalPadding.performLayout (package:flutter/src/widgets/sliver_fill.dart:164:11)
#21     RenderObject.layout (package:flutter/src/rendering/object.dart:2627:7)
#22     RenderViewportBase.layoutChildSequence (package:flutter/src/rendering/viewport.dart:609:13)
#23     RenderViewport._attemptLayout (package:flutter/src/rendering/viewport.dart:1524:12)
#24     RenderViewport.performLayout (package:flutter/src/rendering/viewport.dart:1435:20)
#25     RenderObject.layout (package:flutter/src/rendering/object.dart:2627:7)
#26     RenderProxyBoxMixin.performLayout (package:flutter/src/rendering/proxy_box.dart:117:21)
#27     RenderObject.layout (package:flutter/src/rendering/object.dart:2627:7)
#28     RenderProxyBoxMixin.performLayout (package:flutter/src/rendering/proxy_box.dart:117:21)
#29     RenderObject.layout (package:flutter/src/rendering/object.dart:2627:7)
#30     RenderProxyBoxMixin.performLayout (package:flutter/src/rendering/proxy_box.dart:117:21)
#31     RenderObject.layout (package:flutter/src/rendering/object.dart:2627:7)
#32     RenderProxyBoxMixin.performLayout (package:flutter/src/rendering/proxy_box.dart:117:21)
#33     RenderObject.layout (package:flutter/src/rendering/object.dart:2627:7)
#34     RenderProxyBoxMixin.performLayout (package:flutter/src/rendering/proxy_box.dart:117:21)
#35     RenderObject.layout (package:flutter/src/rendering/object.dart:2627:7)
#36     RenderProxyBoxMixin.performLayout (package:flutter/src/rendering/proxy_box.dart:117:21)
#37     RenderObject.layout (package:flutter/src/rendering/object.dart:2627:7)
#38     RenderProxyBoxMixin.performLayout (package:flutter/src/rendering/proxy_box.dart:117:21)
#39     RenderObject.layout (package:flutter/src/rendering/object.dart:2627:7)
#40     RenderProxyBoxMixin.performLayout (package:flutter/src/rendering/proxy_box.dart:117:21)
#41     _RenderCustomClip.performLayout (package:flutter/src/rendering/proxy_box.dart:1476:11)
#42     RenderObject.layout (package:flutter/src/rendering/object.dart:2627:7)
#43     RenderConstrainedBox.performLayout (package:flutter/src/rendering/proxy_box.dart:297:14)
#44     RenderObject.layout (package:flutter/src/rendering/object.dart:2627:7)
#45     ChildLayoutHelper.layoutChild (package:flutter/src/rendering/layout_helper.dart:61:11)
#46     RenderStack._computeSize (package:flutter/src/rendering/stack.dart:601:43)
#47     RenderStack.performLayout (package:flutter/src/rendering/stack.dart:628:12)
#48     RenderObject.layout (package:flutter/src/rendering/object.dart:2627:7)
#49     RenderConstrainedBox.performLayout (package:flutter/src/rendering/proxy_box.dart:297:14)
#50     RenderObject.layout (package:flutter/src/rendering/object.dart:2627:7)
#51     RenderPadding.performLayout (package:flutter/src/rendering/shifted_box.dart:239:12)
#52     RenderObject.layout (package:flutter/src/rendering/object.dart:2627:7)
#53     MultiChildLayoutDelegate.layoutChild (package:flutter/src/rendering/custom_layout.dart:178:12)
#54     _ScaffoldLayout.performLayout (package:flutter/src/material/scaffold.dart:1105:7)
#55     MultiChildLayoutDelegate._callPerformLayout (package:flutter/src/rendering/custom_layout.dart:242:7)
#56     RenderCustomMultiChildLayoutBox.performLayout (package:flutter/src/rendering/custom_layout.dart:409:14)
#57     RenderObject.layout (package:flutter/src/rendering/object.dart:2627:7)
#58     RenderProxyBoxMixin.performLayout (package:flutter/src/rendering/proxy_box.dart:117:21)
#59     RenderObject.layout (package:flutter/src/rendering/object.dart:2627:7)
#60     RenderProxyBoxMixin.performLayout (package:flutter/src/rendering/proxy_box.dart:117:21)
#61     _RenderCustomClip.performLayout (package:flutter/src/rendering/proxy_box.dart:1476:11)
#62     RenderObject.layout (package:flutter/src/rendering/object.dart:2627:7)
#63     ChildLayoutHelper.layoutChild (package:flutter/src/rendering/layout_helper.dart:61:11)
#64     RenderStack._computeSize (package:flutter/src/rendering/stack.dart:601:43)
#65     RenderStack.performLayout (package:flutter/src/rendering/stack.dart:628:12)
#66     RenderObject.layout (package:flutter/src/rendering/object.dart:2627:7)
#67     MultiChildLayoutDelegate.layoutChild (package:flutter/src/rendering/custom_layout.dart:178:12)
#68     _ScaffoldLayout.performLayout (package:flutter/src/material/scaffold.dart:1105:7)
#69     MultiChildLayoutDelegate._callPerformLayout (package:flutter/src/rendering/custom_layout.dart:242:7)
#70     RenderCustomMultiChildLayoutBox.performLayout (package:flutter/src/rendering/custom_layout.dart:409:14)
#71     RenderObject._layoutWithoutResize (package:flutter/src/rendering/object.dart:2465:7)
#72     PipelineOwner.flushLayout (package:flutter/src/rendering/object.dart:1062:18)
#73     PipelineOwner.flushLayout (package:flutter/src/rendering/object.dart:1075:15)
#74     RendererBinding.drawFrame (package:flutter/src/rendering/binding.dart:609:23)
#75     WidgetsBinding.drawFrame (package:flutter/src/widgets/binding.dart:1178:13)
#76     RendererBinding._handlePersistentFrameCallback (package:flutter/src/rendering/binding.dart:475:5)
#77     SchedulerBinding._invokeFrameCallback (package:flutter/src/scheduler/binding.dart:1397:15)
#78     SchedulerBinding.handleDrawFrame (package:flutter/src/scheduler/binding.dart:1318:9)
#79     SchedulerBinding._handleDrawFrame (package:flutter/src/scheduler/binding.dart:1176:5)
#80     _invoke (dart:ui/hooks.dart:312:13)
#81     PlatformDispatcher._drawFrame (dart:ui/platform_dispatcher.dart:427:5)
#82     _drawFrame (dart:ui/hooks.dart:283:31)